Archive member included to satisfy reference by file (symbol)

/home/martin/Desktop/OLSONET/PICOS/PicOS/CC13XX/CC13XXWARE/driverlib/bin/gcc/driverlib.lib(adi.o)
                              KTMP/analog_sensor.o (SafeHapiAuxAdiSelect)
/home/martin/Desktop/OLSONET/PICOS/PicOS/CC13XX/CC13XXWARE/driverlib/bin/gcc/driverlib.lib(aon_batmon.o)
                              KTMP/main.o (NOROM_AONBatMonTemperatureGetDegC)
/home/martin/Desktop/OLSONET/PICOS/PicOS/CC13XX/CC13XXWARE/driverlib/bin/gcc/driverlib.lib(aon_rtc.o)
                              KTMP/main.o (NOROM_AONRTCCurrent64BitValueGet)
/home/martin/Desktop/OLSONET/PICOS/PicOS/CC13XX/CC13XXWARE/driverlib/bin/gcc/driverlib.lib(aux_adc.o)
                              KTMP/analog_sensor.o (NOROM_AUXADCDisable)
/home/martin/Desktop/OLSONET/PICOS/PicOS/CC13XX/CC13XXWARE/driverlib/bin/gcc/driverlib.lib(cpu.o)
                              KTMP/main.o (NOROM_CPUcpsid)
/home/martin/Desktop/OLSONET/PICOS/PicOS/CC13XX/CC13XXWARE/driverlib/bin/gcc/driverlib.lib(osc.o)
                              KTMP/rfprop.o (NOROM_OSCHF_TurnOnXosc)
/home/martin/Desktop/OLSONET/PICOS/PicOS/CC13XX/CC13XXWARE/driverlib/bin/gcc/driverlib.lib(rfc.o)
                              KTMP/rfprop.o (NOROM_RFCDoorbellSendTo)
/home/martin/Desktop/OLSONET/PICOS/PicOS/CC13XX/CC13XXWARE/driverlib/bin/gcc/driverlib.lib(setup.o)
                              KTMP/startup_gcc.o (NOROM_SetupTrimDevice)
/home/martin/Desktop/OLSONET/PICOS/PicOS/CC13XX/CC13XXWARE/driverlib/bin/gcc/driverlib.lib(setup_rom.o)
                              /home/martin/Desktop/OLSONET/PICOS/PicOS/CC13XX/CC13XXWARE/driverlib/bin/gcc/driverlib.lib(setup.o) (NOROM_SetupAfterColdResetWakeupFromShutDownCfg1)
/home/martin/Desktop/OLSONET/PICOS/PicOS/CC13XX/CC13XXWARE/driverlib/bin/gcc/driverlib.lib(sys_ctrl.o)
                              KTMP/main.o (NOROM_SysCtrlSetRechargeBeforePowerDown)
/home/martin/Desktop/OLSONET/PICOS/PicOS/CC13XX/CC13XXWARE/driverlib/bin/gcc/driverlib.lib(chipinfo.o)
                              /home/martin/Desktop/OLSONET/PICOS/PicOS/CC13XX/CC13XXWARE/driverlib/bin/gcc/driverlib.lib(setup.o) (NOROM_ThisCodeIsBuiltForCC13xxHwRev20AndLater_HaltIfViolated)
/home/martin/Desktop/OLSONET/PICOS/PicOS/CC13XX/CC13XXWARE/driverlib/bin/gcc/driverlib.lib(ddi.o)
                              /home/martin/Desktop/OLSONET/PICOS/PicOS/CC13XX/CC13XXWARE/driverlib/bin/gcc/driverlib.lib(setup_rom.o) (NOROM_DDI32RegWrite)
/usr/lib/gcc/arm-none-eabi/9.2.1/../../../arm-none-eabi/lib/thumb/nofp/libg.a(lib_a-memcpy-stub.o)
                              KTMP/rfprop.o (memcpy)
/usr/lib/gcc/arm-none-eabi/9.2.1/../../../arm-none-eabi/lib/thumb/nofp/libg.a(lib_a-memset.o)
                              /home/martin/Desktop/OLSONET/PICOS/PicOS/CC13XX/CC13XXWARE/driverlib/bin/gcc/driverlib.lib(rfc.o) (memset)

Allocating common symbols
Common symbol       size              file

nodeId              0x1               KTMP/app.o
sequence            0x1               KTMP/app.o
__pi_uart           0x8               KTMP/main.o
system_event_count  0x4               KTMP/main.o
entropy             0x4               KTMP/kernel.o
__pi_mintk          0x2               KTMP/kernel.o
__pi_old            0x2               KTMP/kernel.o
__pi_systat         0x8               KTMP/kernel.o
__pi_new            0x2               KTMP/kernel.o
__pi_utims          0x10              KTMP/kernel.o
__pi_curr           0x4               KTMP/kernel.o

Discarded input sections

 .text          0x0000000000000000        0x0 KTMP/app.o
 .data          0x0000000000000000        0x0 KTMP/app.o
 .bss           0x0000000000000000        0x0 KTMP/app.o
 .text.isValidNodeId
                0x0000000000000000        0xc KTMP/app.o
 .text          0x0000000000000000        0x0 KTMP/main.o
 .data          0x0000000000000000        0x0 KTMP/main.o
 .bss           0x0000000000000000        0x0 KTMP/main.o
 .text.reset    0x0000000000000000       0x20 KTMP/main.o
 .text.__pi_uart_getrate
                0x0000000000000000        0xc KTMP/main.o
 .text.__pi_stackfree
                0x0000000000000000       0x28 KTMP/main.o
 .text.__pi_batmon
                0x0000000000000000       0x5c KTMP/main.o
 .bss.where.5792
                0x0000000000000000        0x1 KTMP/main.o
 .text          0x0000000000000000        0x0 KTMP/kernel.o
 .data          0x0000000000000000        0x0 KTMP/kernel.o
 .bss           0x0000000000000000        0x0 KTMP/kernel.o
 .rodata.pidver.str1.1
                0x0000000000000000        0x4 KTMP/kernel.o
 .text.pidver   0x0000000000000000       0x24 KTMP/kernel.o
 .rodata.utimer_delete.str1.1
                0x0000000000000000        0x5 KTMP/kernel.o
 .text.utimer_delete
                0x0000000000000000       0x4c KTMP/kernel.o
 .text.__pi_ptrigger
                0x0000000000000000       0x2c KTMP/kernel.o
 .text.unwait   0x0000000000000000       0x14 KTMP/kernel.o
 .text.dleft    0x0000000000000000       0x40 KTMP/kernel.o
[...]
Memory Configuration

Name             Origin             Length             Attributes
FLASH            0x0000000000000000 0x000000000001ffa8 xr
FLASH_CCFG       0x000000000001ffa8 0x0000000000000058 xr
SRAM             0x0000000020000000 0x0000000000005000 xrw
GPRAM            0x0000000011000000 0x0000000000002000 xrw
*default*        0x0000000000000000 0xffffffffffffffff

Linker script and memory map

                0x0000000020005000                _estack = (ORIGIN (SRAM) + LENGTH (SRAM))
                0x0000000000000000                _Min_Heap_Size = 0x0
                0x0000000000000100                _Min_Stack_Size = 0x100

.text           0x0000000000000000     0x4d54
                0x0000000000000000                _text = .
 *(.vectors)
 .vectors       0x0000000000000000       0xc8 KTMP/startup_gcc.o
                0x0000000000000000                g_pfnVectors
 *(.text*)
 .text.receiver
                0x00000000000000c8       0xb0 KTMP/app.o
                0x00000000000000c8                receiver
 .text.transmitter
                0x0000000000000178       0x70 KTMP/app.o
                0x0000000000000178                transmitter
 .text.root     0x00000000000001e8      0x1a8 KTMP/app.o
                0x00000000000001e8                root
 .text.devinit_uart
                0x0000000000000390        0xc KTMP/main.o
 .text.udelay   0x000000000000039c       0x2c KTMP/main.o
                0x000000000000039c                udelay
 .text.mdelay   0x00000000000003c8       0x2a KTMP/main.o
                0x00000000000003c8                mdelay
 *fill*         0x00000000000003f2        0x2 00000000
 .text.__pi_ondomain
                0x00000000000003f4       0x3c KTMP/main.o
                0x00000000000003f4                __pi_ondomain
 .text.__pi_offdomain
                0x0000000000000430       0x40 KTMP/main.o
                0x0000000000000430                __pi_offdomain
 .text.__pi_syserror
                0x0000000000000470       0x54 KTMP/main.o
                0x0000000000000470                __pi_syserror
 .text.tci_run_delay_timer
                0x00000000000004c4       0x40 KTMP/main.o
                0x00000000000004c4                tci_run_delay_timer
 .text.tci_run_auxiliary_timer
                0x0000000000000504       0x28 KTMP/main.o
                0x0000000000000504                tci_run_auxiliary_timer
 .text.AONRTCIntHandler
                0x000000000000052c      0x114 KTMP/main.o
                0x000000000000052c                AONRTCIntHandler
 .text.tci_update_delay_ticks
                0x0000000000000640       0x50 KTMP/main.o
                0x0000000000000640                tci_update_delay_ticks
 .text.__pi_uart_setrate
                0x0000000000000690       0x54 KTMP/main.o
                0x0000000000000690                __pi_uart_setrate
 .text.reinit_uart
                0x00000000000006e4       0x38 KTMP/main.o
 .text.ioreq_uart_a
                0x000000000000071c      0x110 KTMP/main.o
 .text.UART0IntHandler
                0x000000000000082c       0xc0 KTMP/main.o
                0x000000000000082c                UART0IntHandler
 .text.__buttons_setirq
                0x00000000000008ec       0x44 KTMP/main.o
                0x00000000000008ec                __buttons_setirq
 .text.__pinlist_setirq
                0x0000000000000930       0x3c KTMP/main.o
                0x0000000000000930                __pinlist_setirq
 .text.GPIOIntHandler
                0x000000000000096c       0xa4 KTMP/main.o
                0x000000000000096c                GPIOIntHandler
 .text.system_init
                0x0000000000000a10      0x1b8 KTMP/main.o
                0x0000000000000a10                system_init
 .text.setpowermode
                0x0000000000000bc8       0x24 KTMP/main.o
                0x0000000000000bc8                setpowermode
 .text.__pi_release
                0x0000000000000bec      0x258 KTMP/main.o
                0x0000000000000bec                __pi_release
 .text.halt     0x0000000000000e44       0x30 KTMP/main.o
                0x0000000000000e44                halt
 .text.startup.main
                0x0000000000000e74       0x60 KTMP/main.o
                0x0000000000000e74                main
 .text.killev   0x0000000000000ed4       0x3c KTMP/kernel.o
 .text.qfree    0x0000000000000f10       0x80 KTMP/kernel.o
 .text.dgout    0x0000000000000f90       0x18 KTMP/kernel.o
 .text.__pi_badstate
                0x0000000000000fa8       0x10 KTMP/kernel.o
                0x0000000000000fa8                __pi_badstate
 .text.utimer_add
                0x0000000000000fb8       0x2c KTMP/kernel.o
                0x0000000000000fb8                utimer_add
 .text.__pi_utimer_set
                0x0000000000000fe4        0x6 KTMP/kernel.o
                0x0000000000000fe4                __pi_utimer_set
 *fill*         0x0000000000000fea        0x2 00000000
 .text.update_n_wake
                0x0000000000000fec       0xcc KTMP/kernel.o
                0x0000000000000fec                update_n_wake
 .text.proceed  0x00000000000010b8       0x14 KTMP/kernel.o
                0x00000000000010b8                proceed
 .text.__pi_wait
                0x00000000000010cc       0x34 KTMP/kernel.o
                0x00000000000010cc                __pi_wait
 .text.__pi_trigger
                0x0000000000001100       0x34 KTMP/kernel.o
                0x0000000000001100                __pi_trigger
 .text.__pi_join
                0x0000000000001134       0x24 KTMP/kernel.o
                0x0000000000001134                __pi_join
 .text.delay    0x0000000000001158       0x38 KTMP/kernel.o
                0x0000000000001158                delay
 .text.running  0x0000000000001190       0x24 KTMP/kernel.o
                0x0000000000001190                running
 .text.__pi_strlen
                0x00000000000011b4        0xe KTMP/kernel.o
                0x00000000000011b4                __pi_strlen
 .text.__pi_strcpy
                0x00000000000011c2       0x10 KTMP/kernel.o
                0x00000000000011c2                __pi_strcpy
 .text.__pi_memcpy
                0x00000000000011d2       0x14 KTMP/kernel.o
                0x00000000000011d2                __pi_memcpy
 .text.__pi_memset
                0x00000000000011e6        0xe KTMP/kernel.o
                0x00000000000011e6                __pi_memset
 .text.adddevfunc
                0x00000000000011f4       0x24 KTMP/kernel.o
                0x00000000000011f4                adddevfunc
 .text.io       0x0000000000001218       0x9c KTMP/kernel.o
                0x0000000000001218                io
 .text.__pi_malloc_init
                0x00000000000012b4       0x50 KTMP/kernel.o
                0x00000000000012b4                __pi_malloc_init
 .text.__pi_free
                0x0000000000001304       0x48 KTMP/kernel.o
                0x0000000000001304                __pi_free
 .text.kill     0x000000000000134c       0x50 KTMP/kernel.o
                0x000000000000134c                kill
 .text.__pi_malloc
                0x000000000000139c       0xa8 KTMP/kernel.o
                0x000000000000139c                __pi_malloc
 .text.__pi_fork
                0x0000000000001444       0x34 KTMP/kernel.o
                0x0000000000001444                __pi_fork
 .text.__pi_waitmem
                0x0000000000001478       0x18 KTMP/kernel.o
                0x0000000000001478                __pi_waitmem
 .text.diag     0x0000000000001490      0x13c KTMP/kernel.o
                0x0000000000001490                diag
 .text.lrnd     0x00000000000015cc       0x24 KTMP/kernel.o
                0x00000000000015cc                lrnd
 .text.apb      0x00000000000015f0       0x16 KTMP/tcv.o
 .text.deq      0x0000000000001606       0x1a KTMP/tcv.o
 .text.rlp      0x0000000000001620        0xe KTMP/tcv.o
 *fill*         0x000000000000162e        0x2 00000000
 .text.enq      0x0000000000001630       0x4c KTMP/tcv.o
 .text.dispose  0x000000000000167c       0x8c KTMP/tcv.o
 .text.tcv_endp
                0x0000000000001708       0x70 KTMP/tcv.o
                0x0000000000001708                tcv_endp
 .text.tcv_open
                0x0000000000001778       0xc0 KTMP/tcv.o
                0x0000000000001778                tcv_open
 .text.tcv_plug
                0x0000000000001838       0x24 KTMP/tcv.o
                0x0000000000001838                tcv_plug
 .text.tcv_rnp  0x000000000000185c       0x80 KTMP/tcv.o
                0x000000000000185c                tcv_rnp
 .text.tcv_wnps
                0x00000000000018dc       0xbc KTMP/tcv.o
                0x00000000000018dc                tcv_wnps
 .text.tcvp_control
                0x0000000000001998       0x2c KTMP/tcv.o
                0x0000000000001998                tcvp_control
 .text.tcv_control
                0x00000000000019c4       0x60 KTMP/tcv.o
                0x00000000000019c4                tcv_control
 .text.tcvp_new
                0x0000000000001a24       0x68 KTMP/tcv.o
                0x0000000000001a24                tcvp_new
 .text.tcvphy_reg
                0x0000000000001a8c       0x50 KTMP/tcv.o
                0x0000000000001a8c                tcvphy_reg
 .text.tcvphy_rcv
                0x0000000000001adc       0x9c KTMP/tcv.o
                0x0000000000001adc                tcvphy_rcv
 .text.tcvphy_get
                0x0000000000001b78       0x40 KTMP/tcv.o
                0x0000000000001b78                tcvphy_get
 .text.tcvphy_top
                0x0000000000001bb8       0x34 KTMP/tcv.o
                0x0000000000001bb8                tcvphy_top
 .text.tcvphy_end
                0x0000000000001bec       0x3c KTMP/tcv.o
                0x0000000000001bec                tcvphy_end
 .text.tcv_init
                0x0000000000001c28        0x2 KTMP/tcv.o
                0x0000000000001c28                tcv_init
 .text.NmiSRHandler
                0x0000000000001c2a        0x2 KTMP/startup_gcc.o
                0x0000000000001c2a                NmiSR
 .text.FaultISRHandler
                0x0000000000001c2c        0x2 KTMP/startup_gcc.o
                0x0000000000001c2c                FaultISR
 .text.IntDefaultHandler
                0x0000000000001c2e        0x2 KTMP/startup_gcc.o
                0x0000000000001c2e                TRNGIntHandler
                0x0000000000001c2e                SSI0IntHandler
                0x0000000000001c2e                SWEvent0IntHandler
                0x0000000000001c2e                uDMAIntHandler
                0x0000000000001c2e                WatchdogIntHandler
                0x0000000000001c2e                RFCHardwareIntHandler
                0x0000000000001c2e                Timer1BIntHandler
                0x0000000000001c2e                I2SIntHandler
                0x0000000000001c2e                Timer2BIntHandler
                0x0000000000001c2e                Timer2AIntHandler
                0x0000000000001c2e                Timer1AIntHandler
                0x0000000000001c2e                AONIntHandler
                0x0000000000001c2e                AUXSWEvent0IntHandler
                0x0000000000001c2e                AUXADCIntHandler
                0x0000000000001c2e                PendSVIntHandler
                0x0000000000001c2e                RFCCPE1IntHandler
                0x0000000000001c2e                AUXSWEvent1IntHandler
                0x0000000000001c2e                SVCallIntHandler
                0x0000000000001c2e                MPUFaultIntHandler
                0x0000000000001c2e                SysTickIntHandler
                0x0000000000001c2e                BusFaultIntHandler
                0x0000000000001c2e                AONProgIntHandler
                0x0000000000001c2e                AUXCompAIntHandler
                0x0000000000001c2e                SSI1IntHandler
                0x0000000000001c2e                FlashIntHandler
                0x0000000000001c2e                uDMAErrIntHandler
                0x0000000000001c2e                UsageFaultIntHandler
                0x0000000000001c2e                RFCCmdAckIntHandler
                0x0000000000001c2e                CryptoIntHandler
                0x0000000000001c2e                Timer0AIntHandler
                0x0000000000001c2e                I2CIntHandler
                0x0000000000001c2e                DebugMonIntHandler
                0x0000000000001c2e                Timer0BIntHandler
                0x0000000000001c2e                AUXCombEventIntHandler
                0x0000000000001c2e                Timer3AIntHandler
                0x0000000000001c2e                DynProgIntHandler
                0x0000000000001c2e                Timer3BIntHandler
 .text.ResetISR
                0x0000000000001c30       0x4c KTMP/startup_gcc.o
                0x0000000000001c30                ResetISR
 .text.get_byte
                0x0000000000001c7c       0x34 KTMP/storage_mx25r8035.o
 .text.put_byte
                0x0000000000001cb0       0x30 KTMP/storage_mx25r8035.o
 .text.cmd_0    0x0000000000001ce0       0x18 KTMP/storage_mx25r8035.o
 .text.wwait    0x0000000000001cf8       0x54 KTMP/storage_mx25r8035.o
 .text.ready    0x0000000000001d4c       0x40 KTMP/storage_mx25r8035.o
 .text.cclose   0x0000000000001d8c       0x24 KTMP/storage_mx25r8035.o
 .text.ee_open  0x0000000000001db0       0x14 KTMP/storage_mx25r8035.o
                0x0000000000001db0                ee_open
 .text.ee_close
                0x0000000000001dc4       0x14 KTMP/storage_mx25r8035.o
                0x0000000000001dc4                ee_close
 .text.ser_in   0x0000000000001dd8       0x78 KTMP/ser_in.o
                0x0000000000001dd8                ser_in
 .text.ser_outf
                0x0000000000001e50       0x54 KTMP/ser_outf.o
                0x0000000000001e50                ser_outf
 .text.ser_inf  0x0000000000001ea4       0x60 KTMP/ser_inf.o
                0x0000000000001ea4                ser_inf
 .text.plugch   0x0000000000001f04       0x20 KTMP/rfprop.o
 .text.option   0x0000000000001f24      0x190 KTMP/rfprop.o
 .text.issue_cmd
                0x00000000000020b4       0x48 KTMP/rfprop.o
 .text.rx_de    0x00000000000020fc       0x24 KTMP/rfprop.o
 .text.rf_off   0x0000000000002120       0x5c KTMP/rfprop.o
 .text.wait_cmd.constprop.0
                0x000000000000217c       0x38 KTMP/rfprop.o
 .text.rf_on.part.0
                0x00000000000021b4      0x180 KTMP/rfprop.o
 .text.rx_int_enable
                0x0000000000002334       0xd0 KTMP/rfprop.o
 .text.cc1350_driver
                0x0000000000002404      0x1f0 KTMP/rfprop.o
                0x0000000000002404                cc1350_driver
 .text.RFCCPE0IntHandler
                0x00000000000025f4       0x70 KTMP/rfprop.o
                0x00000000000025f4                RFCCPE0IntHandler
 .text.phys_cc1350
                0x0000000000002664      0x174 KTMP/rfprop.o
                0x0000000000002664                phys_cc1350
 .text.tcv_clo_null
                0x00000000000027d8       0x24 KTMP/plug_null.o
 .text.tcv_rcv_null
                0x00000000000027fc       0x24 KTMP/plug_null.o
 .text.tcv_frm_null
                0x0000000000002820        0x8 KTMP/plug_null.o
 .text.tcv_out_null
                0x0000000000002828        0x4 KTMP/plug_null.o
 .text.tcv_xmt_null
                0x000000000000282c        0x4 KTMP/plug_null.o
 .text.tcv_ope_null
                0x0000000000002830       0x48 KTMP/plug_null.o
 .text.__outserial
                0x0000000000002878       0x70 KTMP/__outserial.o
                0x0000000000002878                __outserial
 .text.__inserial
                0x00000000000028e8      0x11c KTMP/__inserial.o
                0x00000000000028e8                __inserial
 .text.outc.5724
                0x0000000000002a04       0x20 KTMP/vform.o
 .text.__pi_vfparse
                0x0000000000002a24      0x230 KTMP/vform.o
                0x0000000000002a24                __pi_vfparse
 .text.vform    0x0000000000002c54       0x50 KTMP/vform.o
                0x0000000000002c54                vform
 .text.vscan    0x0000000000002ca4      0x390 KTMP/vscan.o
                0x0000000000002ca4                vscan
 .text.SafeHapiVoid
                0x0000000000003034       0x28 /home/martin/Desktop/OLSONET/PICOS/PicOS/CC13XX/CC13XXWARE/driverlib/bin/gcc/driverlib.lib(adi.o)
                0x0000000000003034                SafeHapiVoid
 .text.NOROM_AONBatMonTemperatureGetDegC
                0x000000000000305c       0x30 /home/martin/Desktop/OLSONET/PICOS/PicOS/CC13XX/CC13XXWARE/driverlib/bin/gcc/driverlib.lib(aon_batmon.o)
                0x000000000000305c                NOROM_AONBatMonTemperatureGetDegC
 .text.NOROM_AONRTCCurrentCompareValueGet
                0x000000000000308c       0x20 /home/martin/Desktop/OLSONET/PICOS/PicOS/CC13XX/CC13XXWARE/driverlib/bin/gcc/driverlib.lib(aon_rtc.o)
                0x000000000000308c                NOROM_AONRTCCurrentCompareValueGet
 .text.NOROM_AONRTCCurrent64BitValueGet
                0x00000000000030ac       0x18 /home/martin/Desktop/OLSONET/PICOS/PicOS/CC13XX/CC13XXWARE/driverlib/bin/gcc/driverlib.lib(aon_rtc.o)
                0x00000000000030ac                NOROM_AONRTCCurrent64BitValueGet
 .text.NOROM_CPUcpsid
                0x00000000000030c4        0x8 /home/martin/Desktop/OLSONET/PICOS/PicOS/CC13XX/CC13XXWARE/driverlib/bin/gcc/driverlib.lib(cpu.o)
                0x00000000000030c4                NOROM_CPUcpsid
 .text.NOROM_CPUcpsie
                0x00000000000030cc        0x8 /home/martin/Desktop/OLSONET/PICOS/PicOS/CC13XX/CC13XXWARE/driverlib/bin/gcc/driverlib.lib(cpu.o)
                0x00000000000030cc                NOROM_CPUcpsie
 .text.NOROM_OSCClockSourceSet
                0x00000000000030d4       0x5c /home/martin/Desktop/OLSONET/PICOS/PicOS/CC13XX/CC13XXWARE/driverlib/bin/gcc/driverlib.lib(osc.o)
                0x00000000000030d4                NOROM_OSCClockSourceSet
 .text.NOROM_OSCClockSourceGet
                0x0000000000003130       0x2c /home/martin/Desktop/OLSONET/PICOS/PicOS/CC13XX/CC13XXWARE/driverlib/bin/gcc/driverlib.lib(osc.o)
                0x0000000000003130                NOROM_OSCClockSourceGet
 .text.NOROM_OSCHF_TurnOnXosc
                0x000000000000315c       0x18 /home/martin/Desktop/OLSONET/PICOS/PicOS/CC13XX/CC13XXWARE/driverlib/bin/gcc/driverlib.lib(osc.o)
                0x000000000000315c                NOROM_OSCHF_TurnOnXosc
 .text.NOROM_OSCHF_AttemptToSwitchToXosc
                0x0000000000003174       0x60 /home/martin/Desktop/OLSONET/PICOS/PicOS/CC13XX/CC13XXWARE/driverlib/bin/gcc/driverlib.lib(osc.o)
                0x0000000000003174                NOROM_OSCHF_AttemptToSwitchToXosc
 .text.NOROM_OSCHF_SwitchToRcOscTurnOffXosc
                0x00000000000031d4       0x34 /home/martin/Desktop/OLSONET/PICOS/PicOS/CC13XX/CC13XXWARE/driverlib/bin/gcc/driverlib.lib(osc.o)
                0x00000000000031d4                NOROM_OSCHF_SwitchToRcOscTurnOffXosc
 .text.NOROM_RFCDoorbellSendTo
                0x0000000000003208       0x28 /home/martin/Desktop/OLSONET/PICOS/PicOS/CC13XX/CC13XXWARE/driverlib/bin/gcc/driverlib.lib(rfc.o)
                0x0000000000003208                NOROM_RFCDoorbellSendTo
 .text.NOROM_RFCSynthPowerDown
                0x0000000000003230       0x4c /home/martin/Desktop/OLSONET/PICOS/PicOS/CC13XX/CC13XXWARE/driverlib/bin/gcc/driverlib.lib(rfc.o)
                0x0000000000003230                NOROM_RFCSynthPowerDown
 .text.NOROM_RFCRfTrimRead
                0x000000000000327c      0x150 /home/martin/Desktop/OLSONET/PICOS/PicOS/CC13XX/CC13XXWARE/driverlib/bin/gcc/driverlib.lib(rfc.o)
                0x000000000000327c                NOROM_RFCRfTrimRead
 .text.NOROM_RFCRTrim
                0x00000000000033cc      0x118 /home/martin/Desktop/OLSONET/PICOS/PicOS/CC13XX/CC13XXWARE/driverlib/bin/gcc/driverlib.lib(rfc.o)
                0x00000000000033cc                NOROM_RFCRTrim
 .text.NOROM_RFCRfTrimSet
                0x00000000000034e4       0x20 /home/martin/Desktop/OLSONET/PICOS/PicOS/CC13XX/CC13XXWARE/driverlib/bin/gcc/driverlib.lib(rfc.o)
                0x00000000000034e4                NOROM_RFCRfTrimSet
 .text.NOROM_RFCAdi3VcoLdoVoltageMode
                0x0000000000003504       0x1c /home/martin/Desktop/OLSONET/PICOS/PicOS/CC13XX/CC13XXWARE/driverlib/bin/gcc/driverlib.lib(rfc.o)
                0x0000000000003504                NOROM_RFCAdi3VcoLdoVoltageMode
 .text.TrimAfterColdResetWakeupFromShutDown
                0x0000000000003520       0xd4 /home/martin/Desktop/OLSONET/PICOS/PicOS/CC13XX/CC13XXWARE/driverlib/bin/gcc/driverlib.lib(setup.o)
 .text.NOROM_SetupTrimDevice
                0x00000000000035f4       0xa4 /home/martin/Desktop/OLSONET/PICOS/PicOS/CC13XX/CC13XXWARE/driverlib/bin/gcc/driverlib.lib(setup.o)
                0x00000000000035f4                NOROM_SetupTrimDevice
 .text.NOROM_SetupSetVddrLevel
                0x0000000000003698       0x7c /home/martin/Desktop/OLSONET/PICOS/PicOS/CC13XX/CC13XXWARE/driverlib/bin/gcc/driverlib.lib(setup_rom.o)
                0x0000000000003698                NOROM_SetupSetVddrLevel
 .text.NOROM_SetupAfterColdResetWakeupFromShutDownCfg1
                0x0000000000003714       0xac /home/martin/Desktop/OLSONET/PICOS/PicOS/CC13XX/CC13XXWARE/driverlib/bin/gcc/driverlib.lib(setup_rom.o)
                0x0000000000003714                NOROM_SetupAfterColdResetWakeupFromShutDownCfg1
 .text.NOROM_SetupGetTrimForAnabypassValue1
                0x00000000000037c0       0x5c /home/martin/Desktop/OLSONET/PICOS/PicOS/CC13XX/CC13XXWARE/driverlib/bin/gcc/driverlib.lib(setup_rom.o)
                0x00000000000037c0                NOROM_SetupGetTrimForAnabypassValue1
 .text.NOROM_SetupGetTrimForRcOscLfRtuneCtuneTrim
                0x000000000000381c       0x18 /home/martin/Desktop/OLSONET/PICOS/PicOS/CC13XX/CC13XXWARE/driverlib/bin/gcc/driverlib.lib(setup_rom.o)
                0x000000000000381c                NOROM_SetupGetTrimForRcOscLfRtuneCtuneTrim
 .text.NOROM_SetupGetTrimForAmpcompTh2
                0x0000000000003834       0x10 /home/martin/Desktop/OLSONET/PICOS/PicOS/CC13XX/CC13XXWARE/driverlib/bin/gcc/driverlib.lib(setup_rom.o)
                0x0000000000003834                NOROM_SetupGetTrimForAmpcompTh2
 .text.NOROM_SetupGetTrimForAmpcompTh1
                0x0000000000003844       0x14 /home/martin/Desktop/OLSONET/PICOS/PicOS/CC13XX/CC13XXWARE/driverlib/bin/gcc/driverlib.lib(setup_rom.o)
                0x0000000000003844                NOROM_SetupGetTrimForAmpcompTh1
 .text.NOROM_SetupGetTrimForAmpcompCtrl
                0x0000000000003858       0x64 /home/martin/Desktop/OLSONET/PICOS/PicOS/CC13XX/CC13XXWARE/driverlib/bin/gcc/driverlib.lib(setup_rom.o)
                0x0000000000003858                NOROM_SetupGetTrimForAmpcompCtrl
 .text.NOROM_SetupGetTrimForDblrLoopFilterResetVoltage
                0x00000000000038bc       0x14 /home/martin/Desktop/OLSONET/PICOS/PicOS/CC13XX/CC13XXWARE/driverlib/bin/gcc/driverlib.lib(setup_rom.o)
                0x00000000000038bc                NOROM_SetupGetTrimForDblrLoopFilterResetVoltage
 .text.NOROM_SetupGetTrimForAdcShModeEn
                0x00000000000038d0       0x14 /home/martin/Desktop/OLSONET/PICOS/PicOS/CC13XX/CC13XXWARE/driverlib/bin/gcc/driverlib.lib(setup_rom.o)
                0x00000000000038d0                NOROM_SetupGetTrimForAdcShModeEn
 .text.NOROM_SetupGetTrimForAdcShVbufEn
                0x00000000000038e4       0x14 /home/martin/Desktop/OLSONET/PICOS/PicOS/CC13XX/CC13XXWARE/driverlib/bin/gcc/driverlib.lib(setup_rom.o)
                0x00000000000038e4                NOROM_SetupGetTrimForAdcShVbufEn
 .text.NOROM_SetupGetTrimForXoscHfCtl
                0x00000000000038f8       0x28 /home/martin/Desktop/OLSONET/PICOS/PicOS/CC13XX/CC13XXWARE/driverlib/bin/gcc/driverlib.lib(setup_rom.o)
                0x00000000000038f8                NOROM_SetupGetTrimForXoscHfCtl
 .text.NOROM_SetupGetTrimForXoscHfFastStart
                0x0000000000003920       0x10 /home/martin/Desktop/OLSONET/PICOS/PicOS/CC13XX/CC13XXWARE/driverlib/bin/gcc/driverlib.lib(setup_rom.o)
                0x0000000000003920                NOROM_SetupGetTrimForXoscHfFastStart
 .text.NOROM_SetupGetTrimForRadcExtCfg
                0x0000000000003930       0x2c /home/martin/Desktop/OLSONET/PICOS/PicOS/CC13XX/CC13XXWARE/driverlib/bin/gcc/driverlib.lib(setup_rom.o)
                0x0000000000003930                NOROM_SetupGetTrimForRadcExtCfg
 .text.NOROM_SetupGetTrimForRcOscLfIBiasTrim
                0x000000000000395c       0x14 /home/martin/Desktop/OLSONET/PICOS/PicOS/CC13XX/CC13XXWARE/driverlib/bin/gcc/driverlib.lib(setup_rom.o)
                0x000000000000395c                NOROM_SetupGetTrimForRcOscLfIBiasTrim
 .text.NOROM_SetupGetTrimForXoscLfRegulatorAndCmirrwrRatio
                0x0000000000003970       0x14 /home/martin/Desktop/OLSONET/PICOS/PicOS/CC13XX/CC13XXWARE/driverlib/bin/gcc/driverlib.lib(setup_rom.o)
                0x0000000000003970                NOROM_SetupGetTrimForXoscLfRegulatorAndCmirrwrRatio
 .text.NOROM_SetupAfterColdResetWakeupFromShutDownCfg2
                0x0000000000003984      0x110 /home/martin/Desktop/OLSONET/PICOS/PicOS/CC13XX/CC13XXWARE/driverlib/bin/gcc/driverlib.lib(setup_rom.o)
                0x0000000000003984                NOROM_SetupAfterColdResetWakeupFromShutDownCfg2
 .text.NOROM_SetupSetCacheModeAccordingToCcfgSetting
                0x0000000000003a94       0x64 /home/martin/Desktop/OLSONET/PICOS/PicOS/CC13XX/CC13XXWARE/driverlib/bin/gcc/driverlib.lib(setup_rom.o)
                0x0000000000003a94                NOROM_SetupSetCacheModeAccordingToCcfgSetting
 .text.NOROM_SetupSetAonRtcSubSecInc
                0x0000000000003af8       0x28 /home/martin/Desktop/OLSONET/PICOS/PicOS/CC13XX/CC13XXWARE/driverlib/bin/gcc/driverlib.lib(setup_rom.o)
                0x0000000000003af8                NOROM_SetupSetAonRtcSubSecInc
 .text.NOROM_SetupAfterColdResetWakeupFromShutDownCfg3
                0x0000000000003b20      0x150 /home/martin/Desktop/OLSONET/PICOS/PicOS/CC13XX/CC13XXWARE/driverlib/bin/gcc/driverlib.lib(setup_rom.o)
                0x0000000000003b20                NOROM_SetupAfterColdResetWakeupFromShutDownCfg3
 .text.NOROM_SysCtrlSetRechargeBeforePowerDown
                0x0000000000003c70      0x220 /home/martin/Desktop/OLSONET/PICOS/PicOS/CC13XX/CC13XXWARE/driverlib/bin/gcc/driverlib.lib(sys_ctrl.o)
                0x0000000000003c70                NOROM_SysCtrlSetRechargeBeforePowerDown
 .text.NOROM_SysCtrlAdjustRechargeAfterPowerDown
                0x0000000000003e90       0x60 /home/martin/Desktop/OLSONET/PICOS/PicOS/CC13XX/CC13XXWARE/driverlib/bin/gcc/driverlib.lib(sys_ctrl.o)
                0x0000000000003e90                NOROM_SysCtrlAdjustRechargeAfterPowerDown
 .text.NOROM_SysCtrlResetSourceGet
                0x0000000000003ef0       0x18 /home/martin/Desktop/OLSONET/PICOS/PicOS/CC13XX/CC13XXWARE/driverlib/bin/gcc/driverlib.lib(sys_ctrl.o)
                0x0000000000003ef0                NOROM_SysCtrlResetSourceGet
 .text.NOROM_ChipInfo_GetChipFamily
                0x0000000000003f08       0x4c /home/martin/Desktop/OLSONET/PICOS/PicOS/CC13XX/CC13XXWARE/driverlib/bin/gcc/driverlib.lib(chipinfo.o)
                0x0000000000003f08                NOROM_ChipInfo_GetChipFamily
 .text.NOROM_ChipInfo_GetHwRevision
                0x0000000000003f54       0x6c /home/martin/Desktop/OLSONET/PICOS/PicOS/CC13XX/CC13XXWARE/driverlib/bin/gcc/driverlib.lib(chipinfo.o)
                0x0000000000003f54                NOROM_ChipInfo_GetHwRevision
 .text.NOROM_ThisCodeIsBuiltForCC13xxHwRev20AndLater_HaltIfViolated
                0x0000000000003fc0       0x16 /home/martin/Desktop/OLSONET/PICOS/PicOS/CC13XX/CC13XXWARE/driverlib/bin/gcc/driverlib.lib(chipinfo.o)
                0x0000000000003fc0                NOROM_ThisCodeIsBuiltForCC13xxHwRev20AndLater_HaltIfViolated
 *fill*         0x0000000000003fd6        0x2 00000000
 .text.AuxAdiDdiSafeWrite.constprop.1
                0x0000000000003fd8       0x28 /home/martin/Desktop/OLSONET/PICOS/PicOS/CC13XX/CC13XXWARE/driverlib/bin/gcc/driverlib.lib(ddi.o)
 .text.NOROM_DDI32RegWrite
                0x0000000000004000        0x8 /home/martin/Desktop/OLSONET/PICOS/PicOS/CC13XX/CC13XXWARE/driverlib/bin/gcc/driverlib.lib(ddi.o)
                0x0000000000004000                NOROM_DDI32RegWrite
 .text          0x0000000000004008       0xac /usr/lib/gcc/arm-none-eabi/9.2.1/../../../arm-none-eabi/lib/thumb/nofp/libg.a(lib_a-memcpy-stub.o)
                0x0000000000004008                memcpy
 *(.rodata*)
 .rodata.receiver.str1.1
                0x00000000000040b4       0x30 KTMP/app.o
 .rodata.transmitter.str1.1
                0x00000000000040e4        0xf KTMP/app.o
 .rodata.root.str1.1
                0x00000000000040f3       0xb9 KTMP/app.o
                                         0xbc (size before relaxing)
 .rodata.__pi_syserror.str1.1
                0x00000000000041ac        0xf KTMP/main.o
 .rodata.ioreq_uart_a.str1.1
                0x00000000000041bb        0x8 KTMP/main.o
 .rodata.system_init.str1.1
                0x00000000000041c3       0x63 KTMP/main.o
                                         0x64 (size before relaxing)
 .rodata.__pi_release.str1.1
                0x0000000000004226        0x3 KTMP/main.o
 .rodata.halt.str1.1
                0x0000000000004229        0xd KTMP/main.o
 *fill*         0x0000000000004236        0x2 00000000
 .rodata.port_confs
                0x0000000000004238       0x44 KTMP/main.o
                0x0000000000004238                port_confs
 .rodata.__pi_badstate.str1.1
                0x000000000000427c        0x6 KTMP/kernel.o
 .rodata.utimer_add.str1.1
                0x0000000000004282        0x5 KTMP/kernel.o
 .rodata.__pi_wait.str1.1
                0x0000000000004287        0x3 KTMP/kernel.o
 .rodata.adddevfunc.str1.1
                0x000000000000428a        0x5 KTMP/kernel.o
 .rodata.io.str1.1
                0x000000000000428f        0x3 KTMP/kernel.o
 .rodata.__pi_malloc_init.str1.1
                0x0000000000004292        0x5 KTMP/kernel.o
 .rodata.__pi_free.str1.1
                0x0000000000004297        0x5 KTMP/kernel.o
 .rodata.kill.str1.1
                0x000000000000429c        0x4 KTMP/kernel.o
 .rodata.__pi_malloc.str1.1
                0x00000000000042a0        0x5 KTMP/kernel.o
 .rodata.__pi_hex_enc_table
                0x00000000000042a5       0x10 KTMP/kernel.o
                0x00000000000042a5                __pi_hex_enc_table
 .rodata.enq.str1.1
                0x00000000000042b5        0x6 KTMP/tcv.o
 .rodata.dispose.str1.1
                0x00000000000042bb       0x18 KTMP/tcv.o
 .rodata.tcv_endp.str1.1
                0x00000000000042d3        0xc KTMP/tcv.o
 .rodata.tcv_open.str1.1
                0x00000000000042df       0x12 KTMP/tcv.o
 .rodata.tcv_rnp.str1.1
                0x00000000000042f1        0xc KTMP/tcv.o
 .rodata.tcv_wnps.str1.1
                0x00000000000042fd       0x12 KTMP/tcv.o
 .rodata.tcvp_control.str1.1
                0x000000000000430f        0x6 KTMP/tcv.o
 .rodata.tcv_control.str1.1
                0x0000000000004315        0x6 KTMP/tcv.o
 .rodata.tcvp_new.str1.1
                0x000000000000431b        0xc KTMP/tcv.o
 .rodata.tcvphy_reg.str1.1
                0x0000000000004327        0xc KTMP/tcv.o
 .rodata.tcvphy_rcv.str1.1
                0x0000000000004333        0xc KTMP/tcv.o
 .rodata.tcvphy_get.str1.1
                0x000000000000433f        0x6 KTMP/tcv.o
 .rodata.tcvphy_top.str1.1
                0x0000000000004345        0x6 KTMP/tcv.o
 .rodata.tcvphy_end.str1.1
                0x000000000000434b        0x6 KTMP/tcv.o
 .rodata.__input_pins
                0x0000000000004351        0x4 KTMP/pin_sensor.o
                0x0000000000004351                __input_pins
 *fill*         0x0000000000004355        0x1 00000000
 .rodata.__button_list
                0x0000000000004356        0x4 KTMP/buttons.o
                0x0000000000004356                __button_list
 .rodata.option.str1.1
                0x000000000000435a        0x8 KTMP/rfprop.o
 .rodata.issue_cmd.str1.1
                0x0000000000004362       0x19 KTMP/rfprop.o
 .rodata.wait_cmd.constprop.0.str1.1
                0x000000000000437b       0x14 KTMP/rfprop.o
 .rodata.rx_int_enable.str1.1
                0x000000000000438f        0x7 KTMP/rfprop.o
 .rodata.cc1350_driver.str1.1
                0x0000000000004396        0x8 KTMP/rfprop.o
 .rodata.phys_cc1350.str1.1
                0x000000000000439e       0x20 KTMP/rfprop.o
 .rodata.patable
                0x00000000000043be       0x10 KTMP/rfprop.o
 *fill*         0x00000000000043ce        0x2 00000000
 .rodata.patchGenfskRfe
                0x00000000000043d0      0x6b4 KTMP/rfprop.o
 .rodata.patchImageGenfsk
                0x0000000000004a84      0x28c KTMP/rfprop.o
 .rodata.ratable
                0x0000000000004d10        0xc KTMP/rfprop.o
 .rodata.tcv_ope_null.str1.1
                0x0000000000004d1c       0x17 KTMP/plug_null.o
 *fill*         0x0000000000004d33        0x1 00000000
 .rodata.plug_null
                0x0000000000004d34       0x20 KTMP/plug_null.o
                0x0000000000004d34                plug_null
 *(.init)
 *(.fini*)
 *(.eh_frame*)
                0x0000000000004d54                _etext = .

.glue_7         0x0000000000004d54        0x0
 .glue_7        0x0000000000004d54        0x0 linker stubs

.glue_7t        0x0000000000004d54        0x0
 .glue_7t       0x0000000000004d54        0x0 linker stubs

.vfp11_veneer   0x0000000000004d54        0x0
 .vfp11_veneer  0x0000000000004d54        0x0 linker stubs

.v4_bx          0x0000000000004d54        0x0
 .v4_bx         0x0000000000004d54        0x0 linker stubs

.iplt           0x0000000000004d54        0x0
 .iplt          0x0000000000004d54        0x0 KTMP/app.o

.ARM.exidx      0x0000000000004d54        0x0
                0x0000000000004d54                __exidx_start = .
 *(.ARM.exidx* .gnu.linkonce.armexidx.*)
                0x0000000000004d54                __exidx_end = .

.ARM.extab
 *(.ARM.extab* .gnu.linkonce.armextab.*)

.data           0x0000000020000000      0x10c load address 0x0000000000004d54
                0x0000000020000000                _data = .
 *(vtable)
 *(.data*)
 .data.sfd      0x0000000020000000        0x4 KTMP/app.o
                0x0000000020000000                sfd
 .data.__pi_seed
                0x0000000020000004        0x4 KTMP/kernel.o
                0x0000000020000004                __pi_seed
 .data.cmd_cs   0x0000000020000008       0x1c KTMP/rfprop.o
 .data.cmd_srt  0x0000000020000024       0x14 KTMP/rfprop.o
 .data.offdelay
                0x0000000020000038        0x2 KTMP/rfprop.o
 .data.vrate    0x000000002000003a        0x1 KTMP/rfprop.o
 *fill*         0x000000002000003b        0x1 
 .data.RF_cmdFs
                0x000000002000003c       0x18 KTMP/smartrf_settings_lp_hr.o
                0x000000002000003c                RF_cmdFs
 .data.RF_cmdPropRadioDivSetup
                0x0000000020000054       0x28 KTMP/smartrf_settings_lp_hr.o
                0x0000000020000054                RF_cmdPropRadioDivSetup
 .data.RF_cmdPropRx
                0x000000002000007c       0x24 KTMP/smartrf_settings_lp_hr.o
                0x000000002000007c                RF_cmdPropRx
 .data.RF_cmdPropTx
                0x00000000200000a0       0x18 KTMP/smartrf_settings_lp_hr.o
                0x00000000200000a0                RF_cmdPropTx
 .data.pOverrides
                0x00000000200000b8       0x54 KTMP/smartrf_settings_lp_hr.o
                0x000000002000010c                _edata = .

.igot.plt       0x000000002000010c        0x0 load address 0x0000000000004e60
 .igot.plt      0x000000002000010c        0x0 KTMP/app.o

.bss            0x000000002000010c      0x128 load address 0x0000000000004e60
                0x000000002000010c                __bss_start__ = .
                0x000000002000010c                _bss = .
 *(.bss*)
 .bss.messagePtr.5806
                0x000000002000010c        0x4 KTMP/app.o
 .bss.packet.5773
                0x0000000020000110        0x4 KTMP/app.o
 .bss.receivedMessage.5774
                0x0000000020000114        0x4 KTMP/app.o
 .bss.receiverId.5805
                0x0000000020000118        0x1 KTMP/app.o
 *fill*         0x0000000020000119        0x1 
 .bss.setdel    0x000000002000011a        0x2 KTMP/main.o
 .bss.urates    0x000000002000011c        0x2 KTMP/main.o
 *fill*         0x000000002000011e        0x2 
 .bss.__PCB     0x0000000020000120        0x4 KTMP/kernel.o
                0x0000000020000120                __PCB
 .bss.ioreq     0x0000000020000124        0x4 KTMP/kernel.o
 .bss.mcfree    0x0000000020000128        0x4 KTMP/kernel.o
 .bss.mevent    0x000000002000012c        0x2 KTMP/kernel.o
 *fill*         0x000000002000012e        0x2 
 .bss.mnfree    0x0000000020000130        0x4 KTMP/kernel.o
 .bss.mpools    0x0000000020000134        0x4 KTMP/kernel.o
 .bss.descriptors
                0x0000000020000138       0x20 KTMP/tcv.o
 .bss.oqueues   0x0000000020000158        0xc KTMP/tcv.o
 .bss.physical  0x0000000020000164        0xc KTMP/tcv.o
 .bss.physinfo  0x0000000020000170        0xc KTMP/tcv.o
 .bss.plugins   0x000000002000017c        0xc KTMP/tcv.o
 .bss.dopen     0x0000000020000188        0x1 KTMP/storage_mx25r8035.o
 .bss.dstat     0x0000000020000189        0x1 KTMP/storage_mx25r8035.o
 .bss.bckf_timer
                0x000000002000018a        0x2 KTMP/rfprop.o
 .bss.channel   0x000000002000018c        0x1 KTMP/rfprop.o
 *fill*         0x000000002000018d        0x3 
 .bss.drvprcs   0x0000000020000190        0x4 KTMP/rfprop.o
 .bss.dstate    0x0000000020000194        0x1 KTMP/rfprop.o
 *fill*         0x0000000020000195        0x3 
 .bss.paylen    0x0000000020000198        0x4 KTMP/rfprop.o
 .bss.physid    0x000000002000019c        0x2 KTMP/rfprop.o
 *fill*         0x000000002000019e        0x2 
 .bss.qevent    0x00000000200001a0        0x4 KTMP/rfprop.o
 .bss.rbuffl    0x00000000200001a4        0x1 KTMP/rfprop.o
 *fill*         0x00000000200001a5        0x3 
 .bss.rfTrim    0x00000000200001a8       0x10 KTMP/rfprop.o
 .bss.rxstat    0x00000000200001b8        0xc KTMP/rfprop.o
 .bss.statid    0x00000000200001c4        0x2 KTMP/rfprop.o
 .bss.txtries   0x00000000200001c6        0x1 KTMP/rfprop.o
 *fill*         0x00000000200001c7        0x1 
 .bss.ndsc_null
                0x00000000200001c8        0x4 KTMP/plug_null.o
 .bss.len.5699  0x00000000200001cc        0x4 KTMP/__outserial.o
 .bss.ptr.5698  0x00000000200001d0        0x4 KTMP/__outserial.o
 .bss.__inpline
                0x00000000200001d4        0x4 KTMP/__inserial.o
                0x00000000200001d4                __inpline
 .bss.len.5700  0x00000000200001d8        0x4 KTMP/__inserial.o
 .bss.ptr.5699  0x00000000200001dc        0x4 KTMP/__inserial.o
 .bss.oscHfGlobals
                0x00000000200001e0       0x14 /home/martin/Desktop/OLSONET/PICOS/PicOS/CC13XX/CC13XXWARE/driverlib/bin/gcc/driverlib.lib(osc.o)
 .bss.powerQualGlobals
                0x00000000200001f4        0x8 /home/martin/Desktop/OLSONET/PICOS/PicOS/CC13XX/CC13XXWARE/driverlib/bin/gcc/driverlib.lib(sys_ctrl.o)
 *(COMMON)
 COMMON         0x00000000200001fc        0x2 KTMP/app.o
                0x00000000200001fc                nodeId
                0x00000000200001fd                sequence
 *fill*         0x00000000200001fe        0x2 
 COMMON         0x0000000020000200        0xc KTMP/main.o
                0x0000000020000200                __pi_uart
                0x0000000020000208                system_event_count
 COMMON         0x000000002000020c       0x28 KTMP/kernel.o
                0x000000002000020c                entropy
                0x0000000020000210                __pi_mintk
                0x0000000020000212                __pi_old
                0x0000000020000214                __pi_systat
                0x000000002000021c                __pi_new
                0x0000000020000220                __pi_utims
                0x0000000020000230                __pi_curr
                0x0000000020000234                . = ALIGN (0x4)
                0x0000000020000234                _ebss = .
                0x0000000020000234                __bss_end__ = .

.ccfg           0x000000000001ffa8       0x58
 *(.ccfg)
 .ccfg          0x000000000001ffa8       0x58 KTMP/ccfg.o
                0x000000000001ffa8                __ccfg

.rel.dyn        0x0000000000020000        0x0
 .rel.iplt      0x0000000000020000        0x0 KTMP/app.o

._user_heap_stack
                0x0000000020000234      0x100
                0x0000000020000234                . = ALIGN (0x4)
                0x0000000020000234                . = (. + _Min_Heap_Size)
                0x0000000020000334                . = (. + _Min_Stack_Size)
 *fill*         0x0000000020000234      0x100 
                0x0000000020000334                . = ALIGN (0x4)

.gpram
LOAD KTMP/app.o
LOAD KTMP/main.o
LOAD KTMP/kernel.o
LOAD KTMP/tcv.o
LOAD KTMP/startup_gcc.o
LOAD KTMP/ccfg.o
LOAD KTMP/sensors.o
LOAD KTMP/analog_sensor.o
LOAD KTMP/pin_sensor.o
LOAD KTMP/pins_sys.o
LOAD KTMP/buttons.o
LOAD KTMP/storage_mx25r8035.o
LOAD KTMP/ser_out.o
LOAD KTMP/ser_outb.o
LOAD KTMP/ser_in.o
LOAD KTMP/ser_select.o
LOAD KTMP/form.o
LOAD KTMP/scan.o
LOAD KTMP/ser_outf.o
LOAD KTMP/ser_inf.o
LOAD KTMP/rfprop.o
LOAD KTMP/plug_null.o
LOAD KTMP/__outserial.o
LOAD KTMP/__inserial.o
LOAD KTMP/vform.o
LOAD KTMP/vscan.o
LOAD KTMP/smartrf_settings_lp_hr.o
LOAD /home/martin/Desktop/OLSONET/PICOS/PicOS/CC13XX/CC13XXWARE/driverlib/bin/gcc/driverlib.lib
START GROUP
LOAD /usr/lib/gcc/arm-none-eabi/9.2.1/thumb/nofp/libgcc.a
LOAD /usr/lib/gcc/arm-none-eabi/9.2.1/../../../arm-none-eabi/lib/thumb/nofp/libg.a
LOAD /usr/lib/gcc/arm-none-eabi/9.2.1/../../../arm-none-eabi/lib/thumb/nofp/libc.a
END GROUP
START GROUP
LOAD /usr/lib/gcc/arm-none-eabi/9.2.1/thumb/nofp/libgcc.a
LOAD /usr/lib/gcc/arm-none-eabi/9.2.1/../../../arm-none-eabi/lib/thumb/nofp/libc.a
LOAD /usr/lib/gcc/arm-none-eabi/9.2.1/../../../arm-none-eabi/lib/thumb/nofp/libnosys.a
END GROUP
OUTPUT(Image elf32-littlearm)
LOAD linker stubs

.debug_info     0x0000000000000000    0x111ff
 .debug_info    0x0000000000000000      0x90c KTMP/app.o
 .debug_info    0x000000000000090c     0x1490 KTMP/main.o
 .debug_info    0x0000000000001d9c     0x1223 KTMP/kernel.o
 .debug_info    0x0000000000002fbf     0x1337 KTMP/tcv.o
 .debug_info    0x00000000000042f6      0x178 KTMP/startup_gcc.o
 .debug_info    0x000000000000446e      0x53b KTMP/ccfg.o
 .debug_info    0x00000000000049a9      0x504 KTMP/pin_sensor.o
 .debug_info    0x0000000000004ead      0x4fa KTMP/buttons.o
 .debug_info    0x00000000000053a7      0xaab KTMP/storage_mx25r8035.o
 .debug_info    0x0000000000005e52      0x416 KTMP/ser_in.o
 .debug_info    0x0000000000006268      0x450 KTMP/ser_outf.o
 .debug_info    0x00000000000066b8      0x450 KTMP/ser_inf.o
 .debug_info    0x0000000000006b08     0x2478 KTMP/rfprop.o
 .debug_info    0x0000000000008f80      0x735 KTMP/plug_null.o
 .debug_info    0x00000000000096b5      0x431 KTMP/__outserial.o
 .debug_info    0x0000000000009ae6      0x444 KTMP/__inserial.o
 .debug_info    0x0000000000009f2a      0x5f4 KTMP/vform.o
 .debug_info    0x000000000000a51e      0x593 KTMP/vscan.o
 .debug_info    0x000000000000aab1     0x1fee KTMP/smartrf_settings_lp_hr.o
 .debug_info    0x000000000000ca9f      0x18e /home/martin/Desktop/OLSONET/PICOS/PicOS/CC13XX/CC13XXWARE/driverlib/bin/gcc/driverlib.lib(adi.o)
 .debug_info    0x000000000000cc2d       0xd9 /home/martin/Desktop/OLSONET/PICOS/PicOS/CC13XX/CC13XXWARE/driverlib/bin/gcc/driverlib.lib(aon_batmon.o)
 .debug_info    0x000000000000cd06      0x147 /home/martin/Desktop/OLSONET/PICOS/PicOS/CC13XX/CC13XXWARE/driverlib/bin/gcc/driverlib.lib(aon_rtc.o)
 .debug_info    0x000000000000ce4d      0x13a /home/martin/Desktop/OLSONET/PICOS/PicOS/CC13XX/CC13XXWARE/driverlib/bin/gcc/driverlib.lib(cpu.o)
 .debug_info    0x000000000000cf87      0x8c3 /home/martin/Desktop/OLSONET/PICOS/PicOS/CC13XX/CC13XXWARE/driverlib/bin/gcc/driverlib.lib(osc.o)
 .debug_info    0x000000000000d84a      0xab8 /home/martin/Desktop/OLSONET/PICOS/PicOS/CC13XX/CC13XXWARE/driverlib/bin/gcc/driverlib.lib(rfc.o)
 .debug_info    0x000000000000e302      0x20b /home/martin/Desktop/OLSONET/PICOS/PicOS/CC13XX/CC13XXWARE/driverlib/bin/gcc/driverlib.lib(setup.o)
 .debug_info    0x000000000000e50d      0xb1b /home/martin/Desktop/OLSONET/PICOS/PicOS/CC13XX/CC13XXWARE/driverlib/bin/gcc/driverlib.lib(setup_rom.o)
 .debug_info    0x000000000000f028      0x927 /home/martin/Desktop/OLSONET/PICOS/PicOS/CC13XX/CC13XXWARE/driverlib/bin/gcc/driverlib.lib(sys_ctrl.o)
 .debug_info    0x000000000000f94f      0x3d0 /home/martin/Desktop/OLSONET/PICOS/PicOS/CC13XX/CC13XXWARE/driverlib/bin/gcc/driverlib.lib(chipinfo.o)
 .debug_info    0x000000000000fd1f      0x5ab /home/martin/Desktop/OLSONET/PICOS/PicOS/CC13XX/CC13XXWARE/driverlib/bin/gcc/driverlib.lib(ddi.o)
 .debug_info    0x00000000000102ca      0xf35 /usr/lib/gcc/arm-none-eabi/9.2.1/../../../arm-none-eabi/lib/thumb/nofp/libg.a(lib_a-memcpy-stub.o)

.debug_abbrev   0x0000000000000000     0x4075
 .debug_abbrev  0x0000000000000000      0x2ae KTMP/app.o
 .debug_abbrev  0x00000000000002ae      0x56c KTMP/main.o
 .debug_abbrev  0x000000000000081a      0x46f KTMP/kernel.o
 .debug_abbrev  0x0000000000000c89      0x3dc KTMP/tcv.o
 .debug_abbrev  0x0000000000001065       0xc5 KTMP/startup_gcc.o
 .debug_abbrev  0x000000000000112a      0x11f KTMP/ccfg.o
 .debug_abbrev  0x0000000000001249      0x1f1 KTMP/pin_sensor.o
 .debug_abbrev  0x000000000000143a      0x1cb KTMP/buttons.o
 .debug_abbrev  0x0000000000001605      0x3a6 KTMP/storage_mx25r8035.o
 .debug_abbrev  0x00000000000019ab      0x14f KTMP/ser_in.o
 .debug_abbrev  0x0000000000001afa      0x1ac KTMP/ser_outf.o
 .debug_abbrev  0x0000000000001ca6      0x19b KTMP/ser_inf.o
 .debug_abbrev  0x0000000000001e41      0x44f KTMP/rfprop.o
 .debug_abbrev  0x0000000000002290      0x232 KTMP/plug_null.o
 .debug_abbrev  0x00000000000024c2      0x174 KTMP/__outserial.o
 .debug_abbrev  0x0000000000002636      0x178 KTMP/__inserial.o
 .debug_abbrev  0x00000000000027ae      0x212 KTMP/vform.o
 .debug_abbrev  0x00000000000029c0      0x1bc KTMP/vscan.o
 .debug_abbrev  0x0000000000002b7c      0x225 KTMP/smartrf_settings_lp_hr.o
 .debug_abbrev  0x0000000000002da1       0xec /home/martin/Desktop/OLSONET/PICOS/PicOS/CC13XX/CC13XXWARE/driverlib/bin/gcc/driverlib.lib(adi.o)
 .debug_abbrev  0x0000000000002e8d       0x6f /home/martin/Desktop/OLSONET/PICOS/PicOS/CC13XX/CC13XXWARE/driverlib/bin/gcc/driverlib.lib(aon_batmon.o)
 .debug_abbrev  0x0000000000002efc       0xaa /home/martin/Desktop/OLSONET/PICOS/PicOS/CC13XX/CC13XXWARE/driverlib/bin/gcc/driverlib.lib(aon_rtc.o)
 .debug_abbrev  0x0000000000002fa6       0xb0 /home/martin/Desktop/OLSONET/PICOS/PicOS/CC13XX/CC13XXWARE/driverlib/bin/gcc/driverlib.lib(cpu.o)
 .debug_abbrev  0x0000000000003056      0x25d /home/martin/Desktop/OLSONET/PICOS/PicOS/CC13XX/CC13XXWARE/driverlib/bin/gcc/driverlib.lib(osc.o)
 .debug_abbrev  0x00000000000032b3      0x220 /home/martin/Desktop/OLSONET/PICOS/PicOS/CC13XX/CC13XXWARE/driverlib/bin/gcc/driverlib.lib(rfc.o)
 .debug_abbrev  0x00000000000034d3      0x142 /home/martin/Desktop/OLSONET/PICOS/PicOS/CC13XX/CC13XXWARE/driverlib/bin/gcc/driverlib.lib(setup.o)
 .debug_abbrev  0x0000000000003615      0x261 /home/martin/Desktop/OLSONET/PICOS/PicOS/CC13XX/CC13XXWARE/driverlib/bin/gcc/driverlib.lib(setup_rom.o)
 .debug_abbrev  0x0000000000003876      0x2ba /home/martin/Desktop/OLSONET/PICOS/PicOS/CC13XX/CC13XXWARE/driverlib/bin/gcc/driverlib.lib(sys_ctrl.o)
 .debug_abbrev  0x0000000000003b30      0x1ce /home/martin/Desktop/OLSONET/PICOS/PicOS/CC13XX/CC13XXWARE/driverlib/bin/gcc/driverlib.lib(chipinfo.o)
 .debug_abbrev  0x0000000000003cfe      0x154 /home/martin/Desktop/OLSONET/PICOS/PicOS/CC13XX/CC13XXWARE/driverlib/bin/gcc/driverlib.lib(ddi.o)
 .debug_abbrev  0x0000000000003e52      0x223 /usr/lib/gcc/arm-none-eabi/9.2.1/../../../arm-none-eabi/lib/thumb/nofp/libg.a(lib_a-memcpy-stub.o)

.debug_loc      0x0000000000000000     0x56e3
 .debug_loc     0x0000000000000000       0xe3 KTMP/app.o
 .debug_loc     0x00000000000000e3      0x455 KTMP/main.o
 .debug_loc     0x0000000000000538      0xb51 KTMP/kernel.o
 .debug_loc     0x0000000000001089      0xeae KTMP/tcv.o
 .debug_loc     0x0000000000001f37       0x3c KTMP/startup_gcc.o
 .debug_loc     0x0000000000001f73       0x80 KTMP/pin_sensor.o
 .debug_loc     0x0000000000001ff3       0x70 KTMP/buttons.o
 .debug_loc     0x0000000000002063      0x234 KTMP/storage_mx25r8035.o
 .debug_loc     0x0000000000002297      0x112 KTMP/ser_in.o
 .debug_loc     0x00000000000023a9       0x86 KTMP/ser_outf.o
 .debug_loc     0x000000000000242f       0x68 KTMP/ser_inf.o
 .debug_loc     0x0000000000002497      0x4a7 KTMP/rfprop.o
 .debug_loc     0x000000000000293e      0x108 KTMP/plug_null.o
 .debug_loc     0x0000000000002a46       0x66 KTMP/__outserial.o
 .debug_loc     0x0000000000002aac       0x92 KTMP/__inserial.o
 .debug_loc     0x0000000000002b3e      0x3ac KTMP/vform.o
 .debug_loc     0x0000000000002eea      0x3ee KTMP/vscan.o
 .debug_loc     0x00000000000032d8      0x115 /home/martin/Desktop/OLSONET/PICOS/PicOS/CC13XX/CC13XXWARE/driverlib/bin/gcc/driverlib.lib(adi.o)
 .debug_loc     0x00000000000033ed       0x4e /home/martin/Desktop/OLSONET/PICOS/PicOS/CC13XX/CC13XXWARE/driverlib/bin/gcc/driverlib.lib(aon_batmon.o)
 .debug_loc     0x000000000000343b       0x26 /home/martin/Desktop/OLSONET/PICOS/PicOS/CC13XX/CC13XXWARE/driverlib/bin/gcc/driverlib.lib(aon_rtc.o)
 .debug_loc     0x0000000000003461      0x3b9 /home/martin/Desktop/OLSONET/PICOS/PicOS/CC13XX/CC13XXWARE/driverlib/bin/gcc/driverlib.lib(osc.o)
 .debug_loc     0x000000000000381a      0x29c /home/martin/Desktop/OLSONET/PICOS/PicOS/CC13XX/CC13XXWARE/driverlib/bin/gcc/driverlib.lib(rfc.o)
 .debug_loc     0x0000000000003ab6       0xbc /home/martin/Desktop/OLSONET/PICOS/PicOS/CC13XX/CC13XXWARE/driverlib/bin/gcc/driverlib.lib(setup.o)
 .debug_loc     0x0000000000003b72      0x9e8 /home/martin/Desktop/OLSONET/PICOS/PicOS/CC13XX/CC13XXWARE/driverlib/bin/gcc/driverlib.lib(setup_rom.o)
 .debug_loc     0x000000000000455a      0x44d /home/martin/Desktop/OLSONET/PICOS/PicOS/CC13XX/CC13XXWARE/driverlib/bin/gcc/driverlib.lib(sys_ctrl.o)
 .debug_loc     0x00000000000049a7      0x11f /home/martin/Desktop/OLSONET/PICOS/PicOS/CC13XX/CC13XXWARE/driverlib/bin/gcc/driverlib.lib(chipinfo.o)
 .debug_loc     0x0000000000004ac6      0x79c /home/martin/Desktop/OLSONET/PICOS/PicOS/CC13XX/CC13XXWARE/driverlib/bin/gcc/driverlib.lib(ddi.o)
 .debug_loc     0x0000000000005262      0x481 /usr/lib/gcc/arm-none-eabi/9.2.1/../../../arm-none-eabi/lib/thumb/nofp/libg.a(lib_a-memcpy-stub.o)

.debug_aranges  0x0000000000000000      0x9b0
 .debug_aranges
                0x0000000000000000       0x38 KTMP/app.o
 .debug_aranges
                0x0000000000000038       0xe8 KTMP/main.o
 .debug_aranges
                0x0000000000000120      0x158 KTMP/kernel.o
 .debug_aranges
                0x0000000000000278      0x108 KTMP/tcv.o
 .debug_aranges
                0x0000000000000380       0x38 KTMP/startup_gcc.o
 .debug_aranges
                0x00000000000003b8       0x18 KTMP/ccfg.o
 .debug_aranges
                0x00000000000003d0       0x28 KTMP/pin_sensor.o
 .debug_aranges
                0x00000000000003f8       0x28 KTMP/buttons.o
 .debug_aranges
                0x0000000000000420       0x90 KTMP/storage_mx25r8035.o
 .debug_aranges
                0x00000000000004b0       0x20 KTMP/ser_in.o
 .debug_aranges
                0x00000000000004d0       0x20 KTMP/ser_outf.o
 .debug_aranges
                0x00000000000004f0       0x20 KTMP/ser_inf.o
 .debug_aranges
                0x0000000000000510       0x70 KTMP/rfprop.o
 .debug_aranges
                0x0000000000000580       0x48 KTMP/plug_null.o
 .debug_aranges
                0x00000000000005c8       0x20 KTMP/__outserial.o
 .debug_aranges
                0x00000000000005e8       0x20 KTMP/__inserial.o
 .debug_aranges
                0x0000000000000608       0x30 KTMP/vform.o
 .debug_aranges
                0x0000000000000638       0x20 KTMP/vscan.o
 .debug_aranges
                0x0000000000000658       0x18 KTMP/smartrf_settings_lp_hr.o
 .debug_aranges
                0x0000000000000670       0x28 /home/martin/Desktop/OLSONET/PICOS/PicOS/CC13XX/CC13XXWARE/driverlib/bin/gcc/driverlib.lib(adi.o)
 .debug_aranges
                0x0000000000000698       0x20 /home/martin/Desktop/OLSONET/PICOS/PicOS/CC13XX/CC13XXWARE/driverlib/bin/gcc/driverlib.lib(aon_batmon.o)
 .debug_aranges
                0x00000000000006b8       0x28 /home/martin/Desktop/OLSONET/PICOS/PicOS/CC13XX/CC13XXWARE/driverlib/bin/gcc/driverlib.lib(aon_rtc.o)
 .debug_aranges
                0x00000000000006e0       0x40 /home/martin/Desktop/OLSONET/PICOS/PicOS/CC13XX/CC13XXWARE/driverlib/bin/gcc/driverlib.lib(cpu.o)
 .debug_aranges
                0x0000000000000720       0x68 /home/martin/Desktop/OLSONET/PICOS/PicOS/CC13XX/CC13XXWARE/driverlib/bin/gcc/driverlib.lib(osc.o)
 .debug_aranges
                0x0000000000000788       0x58 /home/martin/Desktop/OLSONET/PICOS/PicOS/CC13XX/CC13XXWARE/driverlib/bin/gcc/driverlib.lib(rfc.o)
 .debug_aranges
                0x00000000000007e0       0x28 /home/martin/Desktop/OLSONET/PICOS/PicOS/CC13XX/CC13XXWARE/driverlib/bin/gcc/driverlib.lib(setup.o)
 .debug_aranges
                0x0000000000000808       0xb8 /home/martin/Desktop/OLSONET/PICOS/PicOS/CC13XX/CC13XXWARE/driverlib/bin/gcc/driverlib.lib(setup_rom.o)
 .debug_aranges
                0x00000000000008c0       0x40 /home/martin/Desktop/OLSONET/PICOS/PicOS/CC13XX/CC13XXWARE/driverlib/bin/gcc/driverlib.lib(sys_ctrl.o)
 .debug_aranges
                0x0000000000000900       0x48 /home/martin/Desktop/OLSONET/PICOS/PicOS/CC13XX/CC13XXWARE/driverlib/bin/gcc/driverlib.lib(chipinfo.o)
 .debug_aranges
                0x0000000000000948       0x48 /home/martin/Desktop/OLSONET/PICOS/PicOS/CC13XX/CC13XXWARE/driverlib/bin/gcc/driverlib.lib(ddi.o)
 .debug_aranges
                0x0000000000000990       0x20 /usr/lib/gcc/arm-none-eabi/9.2.1/../../../arm-none-eabi/lib/thumb/nofp/libg.a(lib_a-memcpy-stub.o)

.debug_ranges   0x0000000000000000     0x12b8
 .debug_ranges  0x0000000000000000       0x98 KTMP/app.o
 .debug_ranges  0x0000000000000098      0x540 KTMP/main.o
 .debug_ranges  0x00000000000005d8      0x1e8 KTMP/kernel.o
 .debug_ranges  0x00000000000007c0      0x130 KTMP/tcv.o
 .debug_ranges  0x00000000000008f0       0x28 KTMP/startup_gcc.o
 .debug_ranges  0x0000000000000918       0x40 KTMP/pin_sensor.o
 .debug_ranges  0x0000000000000958       0x78 KTMP/buttons.o
 .debug_ranges  0x00000000000009d0      0x208 KTMP/storage_mx25r8035.o
 .debug_ranges  0x0000000000000bd8       0x10 KTMP/ser_in.o
 .debug_ranges  0x0000000000000be8       0x10 KTMP/ser_outf.o
 .debug_ranges  0x0000000000000bf8       0x10 KTMP/ser_inf.o
 .debug_ranges  0x0000000000000c08      0x1d8 KTMP/rfprop.o
 .debug_ranges  0x0000000000000de0       0x38 KTMP/plug_null.o
 .debug_ranges  0x0000000000000e18       0x28 KTMP/__outserial.o
 .debug_ranges  0x0000000000000e40       0x30 KTMP/__inserial.o
 .debug_ranges  0x0000000000000e70       0x98 KTMP/vform.o
 .debug_ranges  0x0000000000000f08       0x98 KTMP/vscan.o
 .debug_ranges  0x0000000000000fa0       0x18 /home/martin/Desktop/OLSONET/PICOS/PicOS/CC13XX/CC13XXWARE/driverlib/bin/gcc/driverlib.lib(adi.o)
 .debug_ranges  0x0000000000000fb8       0x10 /home/martin/Desktop/OLSONET/PICOS/PicOS/CC13XX/CC13XXWARE/driverlib/bin/gcc/driverlib.lib(aon_batmon.o)
 .debug_ranges  0x0000000000000fc8       0x18 /home/martin/Desktop/OLSONET/PICOS/PicOS/CC13XX/CC13XXWARE/driverlib/bin/gcc/driverlib.lib(aon_rtc.o)
 .debug_ranges  0x0000000000000fe0       0x30 /home/martin/Desktop/OLSONET/PICOS/PicOS/CC13XX/CC13XXWARE/driverlib/bin/gcc/driverlib.lib(cpu.o)
 .debug_ranges  0x0000000000001010       0x70 /home/martin/Desktop/OLSONET/PICOS/PicOS/CC13XX/CC13XXWARE/driverlib/bin/gcc/driverlib.lib(osc.o)
 .debug_ranges  0x0000000000001080       0x48 /home/martin/Desktop/OLSONET/PICOS/PicOS/CC13XX/CC13XXWARE/driverlib/bin/gcc/driverlib.lib(rfc.o)
 .debug_ranges  0x00000000000010c8       0x18 /home/martin/Desktop/OLSONET/PICOS/PicOS/CC13XX/CC13XXWARE/driverlib/bin/gcc/driverlib.lib(setup.o)
 .debug_ranges  0x00000000000010e0       0xd8 /home/martin/Desktop/OLSONET/PICOS/PicOS/CC13XX/CC13XXWARE/driverlib/bin/gcc/driverlib.lib(setup_rom.o)
 .debug_ranges  0x00000000000011b8       0x60 /home/martin/Desktop/OLSONET/PICOS/PicOS/CC13XX/CC13XXWARE/driverlib/bin/gcc/driverlib.lib(sys_ctrl.o)
 .debug_ranges  0x0000000000001218       0x68 /home/martin/Desktop/OLSONET/PICOS/PicOS/CC13XX/CC13XXWARE/driverlib/bin/gcc/driverlib.lib(chipinfo.o)
 .debug_ranges  0x0000000000001280       0x38 /home/martin/Desktop/OLSONET/PICOS/PicOS/CC13XX/CC13XXWARE/driverlib/bin/gcc/driverlib.lib(ddi.o)

.debug_line     0x0000000000000000     0x85a6
 .debug_line    0x0000000000000000      0x440 KTMP/app.o
 .debug_line    0x0000000000000440     0x1560 KTMP/main.o
 .debug_line    0x00000000000019a0      0xee4 KTMP/kernel.o
 .debug_line    0x0000000000002884      0xcbb KTMP/tcv.o
 .debug_line    0x000000000000353f      0x127 KTMP/startup_gcc.o
 .debug_line    0x0000000000003666      0x189 KTMP/ccfg.o
 .debug_line    0x00000000000037ef      0x29d KTMP/pin_sensor.o
 .debug_line    0x0000000000003a8c      0x340 KTMP/buttons.o
 .debug_line    0x0000000000003dcc      0x935 KTMP/storage_mx25r8035.o
 .debug_line    0x0000000000004701      0x1c5 KTMP/ser_in.o
 .debug_line    0x00000000000048c6      0x1a2 KTMP/ser_outf.o
 .debug_line    0x0000000000004a68      0x1b3 KTMP/ser_inf.o
 .debug_line    0x0000000000004c1b      0xcad KTMP/rfprop.o
 .debug_line    0x00000000000058c8      0x2ac KTMP/plug_null.o
 .debug_line    0x0000000000005b74      0x1a5 KTMP/__outserial.o
 .debug_line    0x0000000000005d19      0x24f KTMP/__inserial.o
 .debug_line    0x0000000000005f68      0x3c1 KTMP/vform.o
 .debug_line    0x0000000000006329      0x2ca KTMP/vscan.o
 .debug_line    0x00000000000065f3      0x28d KTMP/smartrf_settings_lp_hr.o
 .debug_line    0x0000000000006880      0x1a0 /home/martin/Desktop/OLSONET/PICOS/PicOS/CC13XX/CC13XXWARE/driverlib/bin/gcc/driverlib.lib(adi.o)
 .debug_line    0x0000000000006a20      0x16b /home/martin/Desktop/OLSONET/PICOS/PicOS/CC13XX/CC13XXWARE/driverlib/bin/gcc/driverlib.lib(aon_batmon.o)
 .debug_line    0x0000000000006b8b      0x1ad /home/martin/Desktop/OLSONET/PICOS/PicOS/CC13XX/CC13XXWARE/driverlib/bin/gcc/driverlib.lib(aon_rtc.o)
 .debug_line    0x0000000000006d38      0x1a0 /home/martin/Desktop/OLSONET/PICOS/PicOS/CC13XX/CC13XXWARE/driverlib/bin/gcc/driverlib.lib(cpu.o)
 .debug_line    0x0000000000006ed8      0x2da /home/martin/Desktop/OLSONET/PICOS/PicOS/CC13XX/CC13XXWARE/driverlib/bin/gcc/driverlib.lib(osc.o)
 .debug_line    0x00000000000071b2      0x3ab /home/martin/Desktop/OLSONET/PICOS/PicOS/CC13XX/CC13XXWARE/driverlib/bin/gcc/driverlib.lib(rfc.o)
 .debug_line    0x000000000000755d      0x1ed /home/martin/Desktop/OLSONET/PICOS/PicOS/CC13XX/CC13XXWARE/driverlib/bin/gcc/driverlib.lib(setup.o)
 .debug_line    0x000000000000774a      0x45b /home/martin/Desktop/OLSONET/PICOS/PicOS/CC13XX/CC13XXWARE/driverlib/bin/gcc/driverlib.lib(setup_rom.o)
 .debug_line    0x0000000000007ba5      0x369 /home/martin/Desktop/OLSONET/PICOS/PicOS/CC13XX/CC13XXWARE/driverlib/bin/gcc/driverlib.lib(sys_ctrl.o)
 .debug_line    0x0000000000007f0e      0x22f /home/martin/Desktop/OLSONET/PICOS/PicOS/CC13XX/CC13XXWARE/driverlib/bin/gcc/driverlib.lib(chipinfo.o)
 .debug_line    0x000000000000813d      0x222 /home/martin/Desktop/OLSONET/PICOS/PicOS/CC13XX/CC13XXWARE/driverlib/bin/gcc/driverlib.lib(ddi.o)
 .debug_line    0x000000000000835f      0x247 /usr/lib/gcc/arm-none-eabi/9.2.1/../../../arm-none-eabi/lib/thumb/nofp/libg.a(lib_a-memcpy-stub.o)

.debug_str      0x0000000000000000     0x3feb
 .debug_str     0x0000000000000000      0x588 KTMP/app.o
                                        0x620 (size before relaxing)
 .debug_str     0x0000000000000588      0x550 KTMP/main.o
                                        0x8da (size before relaxing)
 .debug_str     0x0000000000000ad8      0x245 KTMP/kernel.o
                                        0x633 (size before relaxing)
 .debug_str     0x0000000000000d1d      0x262 KTMP/tcv.o
                                        0x670 (size before relaxing)
 .debug_str     0x0000000000000f7f       0xbd KTMP/startup_gcc.o
                                        0x26e (size before relaxing)
 .debug_str     0x000000000000103c      0x1d6 KTMP/ccfg.o
                                        0x52d (size before relaxing)
 .debug_str     0x0000000000001212       0x76 KTMP/pin_sensor.o
                                        0x3fa (size before relaxing)
 .debug_str     0x0000000000001288       0x76 KTMP/buttons.o
                                        0x3f1 (size before relaxing)
 .debug_str     0x00000000000012fe      0x10c KTMP/storage_mx25r8035.o
                                        0x4d5 (size before relaxing)
 .debug_str     0x000000000000140a       0x50 KTMP/ser_in.o
                                        0x389 (size before relaxing)
 .debug_str     0x000000000000145a       0x4a KTMP/ser_outf.o
                                        0x3a9 (size before relaxing)
 .debug_str     0x00000000000014a4       0x48 KTMP/ser_inf.o
                                        0x3b1 (size before relaxing)
 .debug_str     0x00000000000014ec      0xc0d KTMP/rfprop.o
                                       0x1022 (size before relaxing)
 .debug_str     0x00000000000020f9       0x70 KTMP/plug_null.o
                                        0x43f (size before relaxing)
 .debug_str     0x0000000000002169       0x61 KTMP/__outserial.o
                                        0x39d (size before relaxing)
 .debug_str     0x00000000000021ca       0x4e KTMP/__inserial.o
                                        0x3a2 (size before relaxing)
 .debug_str     0x0000000000002218       0x5c KTMP/vform.o
                                        0x3be (size before relaxing)
 .debug_str     0x0000000000002274       0x5f KTMP/vscan.o
                                        0x3c1 (size before relaxing)
 .debug_str     0x00000000000022d3       0x5e KTMP/smartrf_settings_lp_hr.o
                                        0xbb2 (size before relaxing)
 .debug_str     0x0000000000002331      0x1be /home/martin/Desktop/OLSONET/PICOS/PicOS/CC13XX/CC13XXWARE/driverlib/bin/gcc/driverlib.lib(adi.o)
                                        0x259 (size before relaxing)
 .debug_str     0x00000000000024ef       0x7e /home/martin/Desktop/OLSONET/PICOS/PicOS/CC13XX/CC13XXWARE/driverlib/bin/gcc/driverlib.lib(aon_batmon.o)
                                        0x221 (size before relaxing)
 .debug_str     0x000000000000256d       0xce /home/martin/Desktop/OLSONET/PICOS/PicOS/CC13XX/CC13XXWARE/driverlib/bin/gcc/driverlib.lib(aon_rtc.o)
                                        0x27f (size before relaxing)
 .debug_str     0x000000000000263b       0x61 /home/martin/Desktop/OLSONET/PICOS/PicOS/CC13XX/CC13XXWARE/driverlib/bin/gcc/driverlib.lib(cpu.o)
                                        0x227 (size before relaxing)
 .debug_str     0x000000000000269c      0x5d2 /home/martin/Desktop/OLSONET/PICOS/PicOS/CC13XX/CC13XXWARE/driverlib/bin/gcc/driverlib.lib(osc.o)
                                        0x822 (size before relaxing)
 .debug_str     0x0000000000002c6e      0x1c9 /home/martin/Desktop/OLSONET/PICOS/PicOS/CC13XX/CC13XXWARE/driverlib/bin/gcc/driverlib.lib(rfc.o)
                                        0x603 (size before relaxing)
 .debug_str     0x0000000000002e37      0x203 /home/martin/Desktop/OLSONET/PICOS/PicOS/CC13XX/CC13XXWARE/driverlib/bin/gcc/driverlib.lib(setup.o)
                                        0x3ab (size before relaxing)
 .debug_str     0x000000000000303a      0x4b8 /home/martin/Desktop/OLSONET/PICOS/PicOS/CC13XX/CC13XXWARE/driverlib/bin/gcc/driverlib.lib(setup_rom.o)
                                        0x792 (size before relaxing)
 .debug_str     0x00000000000034f2      0x26a /home/martin/Desktop/OLSONET/PICOS/PicOS/CC13XX/CC13XXWARE/driverlib/bin/gcc/driverlib.lib(sys_ctrl.o)
                                        0x7e2 (size before relaxing)
 .debug_str     0x000000000000375c      0x3c3 /home/martin/Desktop/OLSONET/PICOS/PicOS/CC13XX/CC13XXWARE/driverlib/bin/gcc/driverlib.lib(chipinfo.o)
                                        0x5ae (size before relaxing)
 .debug_str     0x0000000000003b1f       0xf2 /home/martin/Desktop/OLSONET/PICOS/PicOS/CC13XX/CC13XXWARE/driverlib/bin/gcc/driverlib.lib(ddi.o)
                                        0x316 (size before relaxing)
 .debug_str     0x0000000000003c11      0x3da /usr/lib/gcc/arm-none-eabi/9.2.1/../../../arm-none-eabi/lib/thumb/nofp/libg.a(lib_a-memcpy-stub.o)
                                        0x8f0 (size before relaxing)

.comment        0x0000000000000000      0x117
 .comment       0x0000000000000000       0x59 KTMP/app.o
                                         0x5a (size before relaxing)
 .comment       0x0000000000000059       0x5a KTMP/main.o
 .comment       0x0000000000000059       0x5a KTMP/kernel.o
 .comment       0x0000000000000059       0x5a KTMP/tcv.o
 .comment       0x0000000000000059       0x5a KTMP/startup_gcc.o
 .comment       0x0000000000000059       0x5a KTMP/ccfg.o
 .comment       0x0000000000000059       0x5a KTMP/pin_sensor.o
 .comment       0x0000000000000059       0x5a KTMP/buttons.o
 .comment       0x0000000000000059       0x5a KTMP/storage_mx25r8035.o
 .comment       0x0000000000000059       0x5a KTMP/ser_in.o
 .comment       0x0000000000000059       0x5a KTMP/ser_outf.o
 .comment       0x0000000000000059       0x5a KTMP/ser_inf.o
 .comment       0x0000000000000059       0x5a KTMP/rfprop.o
 .comment       0x0000000000000059       0x5a KTMP/plug_null.o
 .comment       0x0000000000000059       0x5a KTMP/__outserial.o
 .comment       0x0000000000000059       0x5a KTMP/__inserial.o
 .comment       0x0000000000000059       0x5a KTMP/vform.o
 .comment       0x0000000000000059       0x5a KTMP/vscan.o
 .comment       0x0000000000000059       0x5a KTMP/smartrf_settings_lp_hr.o
 .comment       0x0000000000000059       0x70 /home/martin/Desktop/OLSONET/PICOS/PicOS/CC13XX/CC13XXWARE/driverlib/bin/gcc/driverlib.lib(adi.o)
                                         0x71 (size before relaxing)
 .comment       0x00000000000000c9       0x71 /home/martin/Desktop/OLSONET/PICOS/PicOS/CC13XX/CC13XXWARE/driverlib/bin/gcc/driverlib.lib(aon_batmon.o)
 .comment       0x00000000000000c9       0x71 /home/martin/Desktop/OLSONET/PICOS/PicOS/CC13XX/CC13XXWARE/driverlib/bin/gcc/driverlib.lib(aon_rtc.o)
 .comment       0x00000000000000c9       0x71 /home/martin/Desktop/OLSONET/PICOS/PicOS/CC13XX/CC13XXWARE/driverlib/bin/gcc/driverlib.lib(cpu.o)
 .comment       0x00000000000000c9       0x71 /home/martin/Desktop/OLSONET/PICOS/PicOS/CC13XX/CC13XXWARE/driverlib/bin/gcc/driverlib.lib(osc.o)
 .comment       0x00000000000000c9       0x71 /home/martin/Desktop/OLSONET/PICOS/PicOS/CC13XX/CC13XXWARE/driverlib/bin/gcc/driverlib.lib(rfc.o)
 .comment       0x00000000000000c9       0x71 /home/martin/Desktop/OLSONET/PICOS/PicOS/CC13XX/CC13XXWARE/driverlib/bin/gcc/driverlib.lib(setup.o)
 .comment       0x00000000000000c9       0x71 /home/martin/Desktop/OLSONET/PICOS/PicOS/CC13XX/CC13XXWARE/driverlib/bin/gcc/driverlib.lib(setup_rom.o)
 .comment       0x00000000000000c9       0x71 /home/martin/Desktop/OLSONET/PICOS/PicOS/CC13XX/CC13XXWARE/driverlib/bin/gcc/driverlib.lib(sys_ctrl.o)
 .comment       0x00000000000000c9       0x71 /home/martin/Desktop/OLSONET/PICOS/PicOS/CC13XX/CC13XXWARE/driverlib/bin/gcc/driverlib.lib(chipinfo.o)
 .comment       0x00000000000000c9       0x71 /home/martin/Desktop/OLSONET/PICOS/PicOS/CC13XX/CC13XXWARE/driverlib/bin/gcc/driverlib.lib(ddi.o)
 .comment       0x00000000000000c9       0x4e /usr/lib/gcc/arm-none-eabi/9.2.1/../../../arm-none-eabi/lib/thumb/nofp/libg.a(lib_a-memcpy-stub.o)
                                         0x4f (size before relaxing)

.ARM.attributes
                0x0000000000000000       0x2f
 .ARM.attributes
                0x0000000000000000       0x2d KTMP/app.o
 .ARM.attributes
                0x000000000000002d       0x2d KTMP/main.o
 .ARM.attributes
                0x000000000000005a       0x2d KTMP/kernel.o
 .ARM.attributes
                0x0000000000000087       0x2d KTMP/tcv.o
 .ARM.attributes
                0x00000000000000b4       0x2d KTMP/startup_gcc.o
 .ARM.attributes
                0x00000000000000e1       0x33 KTMP/ccfg.o
 .ARM.attributes
                0x0000000000000114       0x2d KTMP/pin_sensor.o
 .ARM.attributes
                0x0000000000000141       0x2d KTMP/buttons.o
 .ARM.attributes
                0x000000000000016e       0x2d KTMP/storage_mx25r8035.o
 .ARM.attributes
                0x000000000000019b       0x2d KTMP/ser_in.o
 .ARM.attributes
                0x00000000000001c8       0x2d KTMP/ser_outf.o
 .ARM.attributes
                0x00000000000001f5       0x2d KTMP/ser_inf.o
 .ARM.attributes
                0x0000000000000222       0x2d KTMP/rfprop.o
 .ARM.attributes
                0x000000000000024f       0x2d KTMP/plug_null.o
 .ARM.attributes
                0x000000000000027c       0x2d KTMP/__outserial.o
 .ARM.attributes
                0x00000000000002a9       0x2d KTMP/__inserial.o
 .ARM.attributes
                0x00000000000002d6       0x2d KTMP/vform.o
 .ARM.attributes
                0x0000000000000303       0x2d KTMP/vscan.o
 .ARM.attributes
                0x0000000000000330       0x33 KTMP/smartrf_settings_lp_hr.o
 .ARM.attributes
                0x0000000000000363       0x33 /home/martin/Desktop/OLSONET/PICOS/PicOS/CC13XX/CC13XXWARE/driverlib/bin/gcc/driverlib.lib(adi.o)
 .ARM.attributes
                0x0000000000000396       0x33 /home/martin/Desktop/OLSONET/PICOS/PicOS/CC13XX/CC13XXWARE/driverlib/bin/gcc/driverlib.lib(aon_batmon.o)
 .ARM.attributes
                0x00000000000003c9       0x33 /home/martin/Desktop/OLSONET/PICOS/PicOS/CC13XX/CC13XXWARE/driverlib/bin/gcc/driverlib.lib(aon_rtc.o)
 .ARM.attributes
                0x00000000000003fc       0x33 /home/martin/Desktop/OLSONET/PICOS/PicOS/CC13XX/CC13XXWARE/driverlib/bin/gcc/driverlib.lib(cpu.o)
 .ARM.attributes
                0x000000000000042f       0x33 /home/martin/Desktop/OLSONET/PICOS/PicOS/CC13XX/CC13XXWARE/driverlib/bin/gcc/driverlib.lib(osc.o)
 .ARM.attributes
                0x0000000000000462       0x33 /home/martin/Desktop/OLSONET/PICOS/PicOS/CC13XX/CC13XXWARE/driverlib/bin/gcc/driverlib.lib(rfc.o)
 .ARM.attributes
                0x0000000000000495       0x33 /home/martin/Desktop/OLSONET/PICOS/PicOS/CC13XX/CC13XXWARE/driverlib/bin/gcc/driverlib.lib(setup.o)
 .ARM.attributes
                0x00000000000004c8       0x33 /home/martin/Desktop/OLSONET/PICOS/PicOS/CC13XX/CC13XXWARE/driverlib/bin/gcc/driverlib.lib(setup_rom.o)
 .ARM.attributes
                0x00000000000004fb       0x33 /home/martin/Desktop/OLSONET/PICOS/PicOS/CC13XX/CC13XXWARE/driverlib/bin/gcc/driverlib.lib(sys_ctrl.o)
 .ARM.attributes
                0x000000000000052e       0x33 /home/martin/Desktop/OLSONET/PICOS/PicOS/CC13XX/CC13XXWARE/driverlib/bin/gcc/driverlib.lib(chipinfo.o)
 .ARM.attributes
                0x0000000000000561       0x33 /home/martin/Desktop/OLSONET/PICOS/PicOS/CC13XX/CC13XXWARE/driverlib/bin/gcc/driverlib.lib(ddi.o)
 .ARM.attributes
                0x0000000000000594       0x2a /usr/lib/gcc/arm-none-eabi/9.2.1/../../../arm-none-eabi/lib/thumb/nofp/libg.a(lib_a-memcpy-stub.o)

.debug_frame    0x0000000000000000     0x1778
 .debug_frame   0x0000000000000000       0x8c KTMP/app.o
 .debug_frame   0x000000000000008c      0x2bc KTMP/main.o
 .debug_frame   0x0000000000000348      0x3d4 KTMP/kernel.o
 .debug_frame   0x000000000000071c      0x360 KTMP/tcv.o
 .debug_frame   0x0000000000000a7c       0x58 KTMP/startup_gcc.o
 .debug_frame   0x0000000000000ad4       0x3c KTMP/pin_sensor.o
 .debug_frame   0x0000000000000b10       0x68 KTMP/buttons.o
 .debug_frame   0x0000000000000b78      0x194 KTMP/storage_mx25r8035.o
 .debug_frame   0x0000000000000d0c       0x30 KTMP/ser_in.o
 .debug_frame   0x0000000000000d3c       0x44 KTMP/ser_outf.o
 .debug_frame   0x0000000000000d80       0x44 KTMP/ser_inf.o
 .debug_frame   0x0000000000000dc4      0x170 KTMP/rfprop.o
 .debug_frame   0x0000000000000f34       0x84 KTMP/plug_null.o
 .debug_frame   0x0000000000000fb8       0x3c KTMP/__outserial.o
 .debug_frame   0x0000000000000ff4       0x3c KTMP/__inserial.o
 .debug_frame   0x0000000000001030       0x6c KTMP/vform.o
 .debug_frame   0x000000000000109c       0x34 KTMP/vscan.o
 .debug_frame   0x00000000000010d0       0x64 /home/martin/Desktop/OLSONET/PICOS/PicOS/CC13XX/CC13XXWARE/driverlib/bin/gcc/driverlib.lib(adi.o)
 .debug_frame   0x0000000000001134       0x20 /home/martin/Desktop/OLSONET/PICOS/PicOS/CC13XX/CC13XXWARE/driverlib/bin/gcc/driverlib.lib(aon_batmon.o)
 .debug_frame   0x0000000000001154       0x30 /home/martin/Desktop/OLSONET/PICOS/PicOS/CC13XX/CC13XXWARE/driverlib/bin/gcc/driverlib.lib(aon_rtc.o)
 .debug_frame   0x0000000000001184       0x60 /home/martin/Desktop/OLSONET/PICOS/PicOS/CC13XX/CC13XXWARE/driverlib/bin/gcc/driverlib.lib(cpu.o)
 .debug_frame   0x00000000000011e4      0x104 /home/martin/Desktop/OLSONET/PICOS/PicOS/CC13XX/CC13XXWARE/driverlib/bin/gcc/driverlib.lib(osc.o)
 .debug_frame   0x00000000000012e8       0xb0 /home/martin/Desktop/OLSONET/PICOS/PicOS/CC13XX/CC13XXWARE/driverlib/bin/gcc/driverlib.lib(rfc.o)
 .debug_frame   0x0000000000001398       0x44 /home/martin/Desktop/OLSONET/PICOS/PicOS/CC13XX/CC13XXWARE/driverlib/bin/gcc/driverlib.lib(setup.o)
 .debug_frame   0x00000000000013dc      0x194 /home/martin/Desktop/OLSONET/PICOS/PicOS/CC13XX/CC13XXWARE/driverlib/bin/gcc/driverlib.lib(setup_rom.o)
 .debug_frame   0x0000000000001570       0x9c /home/martin/Desktop/OLSONET/PICOS/PicOS/CC13XX/CC13XXWARE/driverlib/bin/gcc/driverlib.lib(sys_ctrl.o)
 .debug_frame   0x000000000000160c       0x8c /home/martin/Desktop/OLSONET/PICOS/PicOS/CC13XX/CC13XXWARE/driverlib/bin/gcc/driverlib.lib(chipinfo.o)
 .debug_frame   0x0000000000001698       0xac /home/martin/Desktop/OLSONET/PICOS/PicOS/CC13XX/CC13XXWARE/driverlib/bin/gcc/driverlib.lib(ddi.o)
 .debug_frame   0x0000000000001744       0x34 /usr/lib/gcc/arm-none-eabi/9.2.1/../../../arm-none-eabi/lib/thumb/nofp/libg.a(lib_a-memcpy-stub.o)
